debugger_log.txt
-Capture debug work
-cmd line: python -m pdb charges_calc.py -i source.json -o out.json
-cd SP_Python220B_2019\students\ramkumar_rajanbabu\lesson_02\assignment\code

Result: 
-Orginal code doesn't have an output file because rental date start after the rental date which leads to an error.
(Pdb) pp rental_start
datetime.datetime(2017, 6, 12, 0, 0)
(Pdb) pp rental_end
datetime.datetime(2017, 3, 22, 0, 0)

(base) C:\Users\kumar\Documents\GitHub\SP_Python220B_2019\students\ramkumar_rajanbabu\lesson_02\assignment\code>python -m pdb charges_calc.py -i source.json -o out.json
> c:\users\kumar\documents\github\sp_python220b_2019\students\ramkumar_rajanbabu\lesson_02\assignment\code\charges_calc.py(1)<module>()
-> """Returns total price paid for individual rentals """
(Pdb) n
> c:\users\kumar\documents\github\sp_python220b_2019\students\ramkumar_rajanbabu\lesson_02\assignment\code\charges_calc.py(3)<module>()
-> import argparse
(Pdb) n
> c:\users\kumar\documents\github\sp_python220b_2019\students\ramkumar_rajanbabu\lesson_02\assignment\code\charges_calc.py(4)<module>()
-> import json
(Pdb) n
> c:\users\kumar\documents\github\sp_python220b_2019\students\ramkumar_rajanbabu\lesson_02\assignment\code\charges_calc.py(5)<module>()
-> import datetime
(Pdb) n
> c:\users\kumar\documents\github\sp_python220b_2019\students\ramkumar_rajanbabu\lesson_02\assignment\code\charges_calc.py(6)<module>()
-> import math
(Pdb) n
> c:\users\kumar\documents\github\sp_python220b_2019\students\ramkumar_rajanbabu\lesson_02\assignment\code\charges_calc.py(7)<module>()
-> import logging  # new import
(Pdb) n
> c:\users\kumar\documents\github\sp_python220b_2019\students\ramkumar_rajanbabu\lesson_02\assignment\code\charges_calc.py(10)<module>()
-> def setup_debugger(level):
(Pdb) n
> c:\users\kumar\documents\github\sp_python220b_2019\students\ramkumar_rajanbabu\lesson_02\assignment\code\charges_calc.py(57)<module>()
-> def parse_cmd_arguments():
(Pdb) n
> c:\users\kumar\documents\github\sp_python220b_2019\students\ramkumar_rajanbabu\lesson_02\assignment\code\charges_calc.py(68)<module>()
-> def load_rentals_file(filename):
(Pdb) n
> c:\users\kumar\documents\github\sp_python220b_2019\students\ramkumar_rajanbabu\lesson_02\assignment\code\charges_calc.py(78)<module>()
-> def calculate_additional_fields(data):
(Pdb) s
> c:\users\kumar\documents\github\sp_python220b_2019\students\ramkumar_rajanbabu\lesson_02\assignment\code\charges_calc.py(97)<module>()
-> def save_to_json(filename, data):
(Pdb) n
> c:\users\kumar\documents\github\sp_python220b_2019\students\ramkumar_rajanbabu\lesson_02\assignment\code\charges_calc.py(103)<module>()
-> if __name__ == "__main__":
(Pdb) n
> c:\users\kumar\documents\github\sp_python220b_2019\students\ramkumar_rajanbabu\lesson_02\assignment\code\charges_calc.py(104)<module>()
-> ARGS = parse_cmd_arguments()
(Pdb) n
> c:\users\kumar\documents\github\sp_python220b_2019\students\ramkumar_rajanbabu\lesson_02\assignment\code\charges_calc.py(105)<module>()
-> DATA = load_rentals_file(ARGS.input)
(Pdb) n
> c:\users\kumar\documents\github\sp_python220b_2019\students\ramkumar_rajanbabu\lesson_02\assignment\code\charges_calc.py(106)<module>()
-> DATA = calculate_additional_fields(DATA)
(Pdb) s
--Call--
> c:\users\kumar\documents\github\sp_python220b_2019\students\ramkumar_rajanbabu\lesson_02\assignment\code\charges_calc.py(78)calculate_additional_fields()
-> def calculate_additional_fields(data):
(Pdb) n
> c:\users\kumar\documents\github\sp_python220b_2019\students\ramkumar_rajanbabu\lesson_02\assignment\code\charges_calc.py(81)calculate_additional_fields()
-> for value in data.values():
(Pdb) n
> c:\users\kumar\documents\github\sp_python220b_2019\students\ramkumar_rajanbabu\lesson_02\assignment\code\charges_calc.py(82)calculate_additional_fields()
-> try:
(Pdb) n
> c:\users\kumar\documents\github\sp_python220b_2019\students\ramkumar_rajanbabu\lesson_02\assignment\code\charges_calc.py(83)calculate_additional_fields()
-> rental_start = datetime.datetime.strptime(value['rental_start'],
(Pdb) n
> c:\users\kumar\documents\github\sp_python220b_2019\students\ramkumar_rajanbabu\lesson_02\assignment\code\charges_calc.py(84)calculate_additional_fields()
-> '%m/%d/%y')
(Pdb) pp rental_start
*** NameError: name 'rental_start' is not defined
(Pdb) n
> c:\users\kumar\documents\github\sp_python220b_2019\students\ramkumar_rajanbabu\lesson_02\assignment\code\charges_calc.py(85)calculate_additional_fields()
-> rental_end = datetime.datetime.strptime(value['rental_end'],
(Pdb) pp rental_end
*** NameError: name 'rental_end' is not defined
(Pdb) n
> c:\users\kumar\documents\github\sp_python220b_2019\students\ramkumar_rajanbabu\lesson_02\assignment\code\charges_calc.py(86)calculate_additional_fields()
-> '%m/%d/%y')
(Pdb) n
> c:\users\kumar\documents\github\sp_python220b_2019\students\ramkumar_rajanbabu\lesson_02\assignment\code\charges_calc.py(87)calculate_additional_fields()
-> value['total_days'] = (rental_end - rental_start).days
(Pdb) pp rental_end
datetime.datetime(2017, 3, 22, 0, 0)
(Pdb) pp rental_start
datetime.datetime(2017, 6, 12, 0, 0)
(Pdb) n
> c:\users\kumar\documents\github\sp_python220b_2019\students\ramkumar_rajanbabu\lesson_02\assignment\code\charges_calc.py(88)calculate_additional_fields()
-> value['total_price'] = value['tot`al_days'] * value['price_per_day']
(Pdb) pp value['total_days']
-82
(Pdb) n
> c:\users\kumar\documents\github\sp_python220b_2019\students\ramkumar_rajanbabu\lesson_02\assignment\code\charges_calc.py(89)calculate_additional_fields()
-> value['sqrt_total_price'] = math.sqrt(value['total_price'])
(Pdb) n
ValueError: math domain error
> c:\users\kumar\documents\github\sp_python220b_2019\students\ramkumar_rajanbabu\lesson_02\assignment\code\charges_calc.py(89)calculate_additional_fields()
-> value['sqrt_total_price'] = math.sqrt(value['total_price'])
(Pdb) n
> c:\users\kumar\documents\github\sp_python220b_2019\students\ramkumar_rajanbabu\lesson_02\assignment\code\charges_calc.py(91)calculate_additional_fields()
-> except:
(Pdb) n
> c:\users\kumar\documents\github\sp_python220b_2019\students\ramkumar_rajanbabu\lesson_02\assignment\code\charges_calc.py(92)calculate_additional_fields()
-> exit(0)
(Pdb) n
SystemExit: 0
> c:\users\kumar\documents\github\sp_python220b_2019\students\ramkumar_rajanbabu\lesson_02\assignment\code\charges_calc.py(92)calculate_additional_fields()
-> exit(0)
(Pdb) n
--Return--
> c:\users\kumar\documents\github\sp_python220b_2019\students\ramkumar_rajanbabu\lesson_02\assignment\code\charges_calc.py(92)calculate_additional_fields()->None
-> exit(0)
(Pdb) m
*** NameError: name 'm' is not defined
(Pdb) n
SystemExit: 0
> c:\users\kumar\documents\github\sp_python220b_2019\students\ramkumar_rajanbabu\lesson_02\assignment\code\charges_calc.py(106)<module>()
-> DATA = calculate_additional_fields(DATA)
(Pdb) n
--Return--
> c:\users\kumar\documents\github\sp_python220b_2019\students\ramkumar_rajanbabu\lesson_02\assignment\code\charges_calc.py(106)<module>()->None
-> DATA = calculate_additional_fields(DATA)
(Pdb) n
SystemExit: 0
> <string>(1)<module>()->None
(Pdb) n
--Return--
> <string>(1)<module>()->None
(Pdb) n
The program exited via sys.exit(). Exit status: 0